[1 - Suricata-Main] 2026-02-25 15:40:12 Notice: suricata: This is Suricata version 8.0.3 RELEASE running in SYSTEM mode
[1 - Suricata-Main] 2026-02-25 15:40:12 Info: cpu: CPUs/cores online: 12
[1 - Suricata-Main] 2026-02-25 15:40:12 Info: suricata: Setting engine mode to IDS mode by default
[1 - Suricata-Main] 2026-02-25 15:40:12 Info: exception-policy: master exception-policy set to: auto
[1 - Suricata-Main] 2026-02-25 15:40:12 Info: conf: Running in live mode, activating unix socket
[1 - Suricata-Main] 2026-02-25 15:40:12 Info: logopenfile: fast output device (regular) initialized: fast.log
[1 - Suricata-Main] 2026-02-25 15:40:12 Info: logopenfile: eve-log output device (regular) initialized: eve.json
[1 - Suricata-Main] 2026-02-25 15:40:12 Info: logopenfile: stats output device (regular) initialized: stats.log
[1 - Suricata-Main] 2026-02-25 15:40:12 Warning: detect: No rule files match the pattern /var/lib/suricata/rules/suricata.rules
[1 - Suricata-Main] 2026-02-25 15:40:12 Warning: detect: 1 rule files specified, but no rules were loaded!
[1 - Suricata-Main] 2026-02-25 15:40:12 Info: threshold-config: Threshold config parsed: 0 rule(s) found
[1 - Suricata-Main] 2026-02-25 15:40:12 Info: detect: 0 signatures processed. 0 are IP-only rules, 0 are inspecting packet payload, 0 inspect application layer, 0 are decoder event only
[1 - Suricata-Main] 2026-02-25 15:40:12 Notice: mpm-hs: Rule group caching - loaded: 0 newly cached: 0 total cacheable: 0
[1 - Suricata-Main] 2026-02-25 15:40:12 Info: unix-manager: unix socket '/var/run/suricata/suricata-command.socket'
[1 - Suricata-Main] 2026-02-25 15:40:12 Warning: ioctl: eth0: failed to set SIOCETHTOOL ioctl: Operation not permitted
[1 - Suricata-Main] 2026-02-25 15:40:12 Warning: ioctl: eth0: failed to set SIOCETHTOOL ioctl: Operation not permitted
[1 - Suricata-Main] 2026-02-25 15:40:12 Warning: ioctl: eth0: failed to set SIOCETHTOOL ioctl: Operation not permitted
[1 - Suricata-Main] 2026-02-25 15:40:12 Info: runmodes: eth0: creating 12 threads
[22 - W#01-eth0] 2026-02-25 15:40:13 Info: ioctl: eth0: MTU 1500
[1 - Suricata-Main] 2026-02-25 15:40:14 Notice: threads: Threads created -> W: 12 FM: 1 FR: 1   Engine started.
[1 - Suricata-Main] 2026-02-25 15:40:38 Notice: suricata: Signal Received.  Stopping engine.
[1 - Suricata-Main] 2026-02-25 15:40:39 Info: suricata: time elapsed 26.418s
[1 - Suricata-Main] 2026-02-25 15:40:41 Info: counters: Alerts: 0
[1 - Suricata-Main] 2026-02-25 15:40:42 Notice: device: eth0: packets: 2, drops: 0 (0.00%), invalid chksum: 0
[1 - Suricata-Main] 2026-02-25 15:40:42 Warning: ioctl: eth0: failed to set SIOCETHTOOL ioctl: Operation not permitted
[1 - Suricata-Main] 2026-02-25 15:40:42 Warning: ioctl: eth0: failed to set SIOCETHTOOL ioctl: Operation not permitted
[1 - Suricata-Main] 2026-02-25 15:40:42 Warning: ioctl: eth0: failed to set SIOCETHTOOL ioctl: Operation not permitted
